
> frontend@0.1.0 build
> next build

▲ Next.js 16.2.10 (Turbopack)
- Environments: .env

  Creating an optimized production build ...
✓ Compiled successfully in 13.4s
  Running TypeScript ...
  Finished TypeScript in 7.2s ...
  Collecting page data using 11 workers ...
  Generating static pages using 11 workers (0/16) ...
  Generating static pages using 11 workers (4/16) 
  Generating static pages using 11 workers (8/16) 
  Generating static pages using 11 workers (12/16) 
✓ Generating static pages using 11 workers (16/16) in 601ms
  Finalizing page optimization ...

Route (app)
┌ ○ /
├ ○ /_not-found
├ ○ /ai-resume
├ ○ /applications
├ ○ /dashboard
├ ○ /forgot-password
├ ○ /jobs
├ ƒ /jobs/[id]
├ ○ /login
├ ○ /profile
├ ○ /register
├ ○ /reset-password
├ ○ /resume
├ ƒ /resume/[id]
├ ○ /resume/create
└ ○ /settings


ƒ Proxy (Middleware)

○  (Static)   prerendered as static content
ƒ  (Dynamic)  server-rendered on demand

